// Jest Snapshot v1, https://goo.gl/fbAQLP

exports[`TableOfContent init() should generate the correct table of contents 1`] = `
"
      <div id="content">
        <h1 id="header1">Header 1</h1>
        <h2 id="header2">Header 2</h2>
        <h3 id="header3">Header 3</h3>
        <h2 id="header4">Header 4</h2>
      </div>
    <div><ul><li><a href="#header1">Header 1</a><ul><li><a href="#header2">Header 2</a><ul><li><a href="#header3">Header 3</a></li></ul></li><li><a href="#header4">Header 4</a></li></ul></li></ul></div>"
`;
